examples/websocket/frontend.tsx(4,20): error TS2307: Cannot find module 'socket.io-client' or its corresponding type declarations.
examples/websocket/frontend.tsx(100,30): error TS2503: Cannot find namespace 'React'.
examples/websocket/server.ts(1,30): error TS2307: Cannot find module 'http' or its corresponding type declarations.
examples/websocket/server.ts(2,24): error TS2307: Cannot find module 'socket.io' or its corresponding type declarations.
examples/websocket/server.ts(124,1): error TS2580: Cannot find name 'process'. Do you need to install type definitions for node? Try `npm i --save-dev @types/node`.
examples/websocket/server.ts(128,5): error TS2580: Cannot find name 'process'. Do you need to install type definitions for node? Try `npm i --save-dev @types/node`.
examples/websocket/server.ts(132,1): error TS2580: Cannot find name 'process'. Do you need to install type definitions for node? Try `npm i --save-dev @types/node`.
examples/websocket/server.ts(136,5): error TS2580: Cannot find name 'process'. Do you need to install type definitions for node? Try `npm i --save-dev @types/node`.
next.config.ts(1,33): error TS2307: Cannot find module 'next' or its corresponding type declarations.
src/app/api/documents/[id]/chat/route.ts(1,43): error TS2307: Cannot find module 'next/server' or its corresponding type declarations.
src/app/api/documents/[id]/chat/route.ts(3,17): error TS2307: Cannot find module 'z-ai-web-dev-sdk' or its corresponding type declarations.
src/app/api/documents/[id]/export/route.ts(1,43): error TS2307: Cannot find module 'next/server' or its corresponding type declarations.
src/app/api/documents/[id]/route.ts(1,43): error TS2307: Cannot find module 'next/server' or its corresponding type declarations.
src/app/api/documents/[id]/summarize/route.ts(1,43): error TS2307: Cannot find module 'next/server' or its corresponding type declarations.
src/app/api/documents/[id]/summarize/route.ts(3,17): error TS2307: Cannot find module 'z-ai-web-dev-sdk' or its corresponding type declarations.
src/app/api/documents/route.ts(1,43): error TS2307: Cannot find module 'next/server' or its corresponding type declarations.
src/app/api/documents/route.ts(3,42): error TS2307: Cannot find module 'fs/promises' or its corresponding type declarations.
src/app/api/documents/route.ts(4,28): error TS2307: Cannot find module 'fs' or its corresponding type declarations.
src/app/api/documents/route.ts(5,18): error TS2307: Cannot find module 'path' or its corresponding type declarations.
src/app/api/documents/route.ts(6,16): error TS2307: Cannot find module 'os' or its corresponding type declarations.
src/app/api/documents/route.ts(19,11): error TS2580: Cannot find name 'Buffer'. Do you need to install type definitions for node? Try `npm i --save-dev @types/node`.
src/app/api/documents/route.ts(31,42): error TS2307: Cannot find module 'pdf-parse' or its corresponding type declarations.
src/app/api/documents/route.ts(121,20): error TS2552: Cannot find name 'Buffer'. Did you mean 'buffer'?
src/app/api/documents/route.ts(136,65): error TS2345: Argument of type 'string | null' is not assignable to parameter of type 'string | undefined'.
  Type 'null' is not assignable to type 'string | undefined'.
src/app/api/folders/route.ts(1,43): error TS2307: Cannot find module 'next/server' or its corresponding type declarations.
src/app/api/route.ts(1,30): error TS2307: Cannot find module 'next/server' or its corresponding type declarations.
src/app/layout.tsx(1,31): error TS2307: Cannot find module 'next' or its corresponding type declarations.
src/app/layout.tsx(2,35): error TS2307: Cannot find module 'next/font/google' or its corresponding type declarations.
src/app/layout.tsx(41,13): error TS2503: Cannot find namespace 'React'.
src/app/page.tsx(4,41): error TS2307: Cannot find module 'framer-motion' or its corresponding type declarations.
src/app/page.tsx(50,23): error TS2307: Cannot find module 'sonner' or its corresponding type declarations.
src/app/page.tsx(51,27): error TS2307: Cannot find module 'react-markdown' or its corresponding type declarations.
src/app/page.tsx(183,42): error TS2503: Cannot find namespace 'React'.
src/app/page.tsx(189,43): error TS2503: Cannot find namespace 'React'.
src/app/page.tsx(195,44): error TS2503: Cannot find namespace 'React'.
src/app/page.tsx(202,24): error TS2345: Argument of type 'unknown' is not assignable to parameter of type 'File'.
src/app/page.tsx(206,50): error TS2503: Cannot find namespace 'React'.
src/app/page.tsx(411,92): error TS2503: Cannot find namespace 'React'.
src/components/ui/accordion.tsx(4,37): error TS2307: Cannot find module '@radix-ui/react-accordion' or its corresponding type declarations.
src/components/ui/alert-dialog.tsx(4,39): error TS2307: Cannot find module '@radix-ui/react-alert-dialog' or its corresponding type declarations.
src/components/ui/alert.tsx(2,40): error TS2307: Cannot find module 'class-variance-authority' or its corresponding type declarations.
src/components/ui/aspect-ratio.tsx(3,39): error TS2307: Cannot find module '@radix-ui/react-aspect-ratio' or its corresponding type declarations.
src/components/ui/aspect-ratio.tsx(7,4): error TS2503: Cannot find namespace 'React'.
src/components/ui/avatar.tsx(4,34): error TS2307: Cannot find module '@radix-ui/react-avatar' or its corresponding type declarations.
src/components/ui/badge.tsx(2,22): error TS2307: Cannot find module '@radix-ui/react-slot' or its corresponding type declarations.
src/components/ui/badge.tsx(3,40): error TS2307: Cannot find module 'class-variance-authority' or its corresponding type declarations.
src/components/ui/breadcrumb.tsx(2,22): error TS2307: Cannot find module '@radix-ui/react-slot' or its corresponding type declarations.
src/components/ui/button.tsx(2,22): error TS2307: Cannot find module '@radix-ui/react-slot' or its corresponding type declarations.
src/components/ui/button.tsx(3,40): error TS2307: Cannot find module 'class-variance-authority' or its corresponding type declarations.
src/components/ui/calendar.tsx(9,60): error TS2307: Cannot find module 'react-day-picker' or its corresponding type declarations.
src/components/ui/carousel.tsx(6,8): error TS2307: Cannot find module 'embla-carousel-react' or its corresponding type declarations.
src/components/ui/chart.tsx(4,36): error TS2307: Cannot find module 'recharts' or its corresponding type declarations.
src/components/ui/checkbox.tsx(4,36): error TS2307: Cannot find module '@radix-ui/react-checkbox' or its corresponding type declarations.
src/components/ui/collapsible.tsx(3,39): error TS2307: Cannot find module '@radix-ui/react-collapsible' or its corresponding type declarations.
src/components/ui/collapsible.tsx(7,4): error TS2503: Cannot find namespace 'React'.
src/components/ui/collapsible.tsx(13,4): error TS2503: Cannot find namespace 'React'.
src/components/ui/collapsible.tsx(24,4): error TS2503: Cannot find namespace 'React'.
src/components/ui/command.tsx(4,45): error TS2307: Cannot find module 'cmdk' or its corresponding type declarations.
src/components/ui/context-menu.tsx(4,39): error TS2307: Cannot find module '@radix-ui/react-context-menu' or its corresponding type declarations.
src/components/ui/dialog.tsx(4,34): error TS2307: Cannot find module '@radix-ui/react-dialog' or its corresponding type declarations.
src/components/ui/drawer.tsx(4,43): error TS2307: Cannot find module 'vaul' or its corresponding type declarations.
src/components/ui/dropdown-menu.tsx(4,40): error TS2307: Cannot find module '@radix-ui/react-dropdown-menu' or its corresponding type declarations.
src/components/ui/form.tsx(4,33): error TS2307: Cannot find module '@radix-ui/react-label' or its corresponding type declarations.
src/components/ui/form.tsx(5,22): error TS2307: Cannot find module '@radix-ui/react-slot' or its corresponding type declarations.
src/components/ui/form.tsx(14,8): error TS2307: Cannot find module 'react-hook-form' or its corresponding type declarations.
src/components/ui/hover-card.tsx(4,37): error TS2307: Cannot find module '@radix-ui/react-hover-card' or its corresponding type declarations.
src/components/ui/input-otp.tsx(4,43): error TS2307: Cannot find module 'input-otp' or its corresponding type declarations.
src/components/ui/label.tsx(4,33): error TS2307: Cannot find module '@radix-ui/react-label' or its corresponding type declarations.
src/components/ui/menubar.tsx(4,35): error TS2307: Cannot find module '@radix-ui/react-menubar' or its corresponding type declarations.
src/components/ui/navigation-menu.tsx(2,42): error TS2307: Cannot find module '@radix-ui/react-navigation-menu' or its corresponding type declarations.
src/components/ui/navigation-menu.tsx(3,21): error TS2307: Cannot find module 'class-variance-authority' or its corresponding type declarations.
src/components/ui/popover.tsx(4,35): error TS2307: Cannot find module '@radix-ui/react-popover' or its corresponding type declarations.
src/components/ui/progress.tsx(4,36): error TS2307: Cannot find module '@radix-ui/react-progress' or its corresponding type declarations.
src/components/ui/radio-group.tsx(4,38): error TS2307: Cannot find module '@radix-ui/react-radio-group' or its corresponding type declarations.
src/components/ui/resizable.tsx(5,37): error TS2307: Cannot find module 'react-resizable-panels' or its corresponding type declarations.
src/components/ui/scroll-area.tsx(4,38): error TS2307: Cannot find module '@radix-ui/react-scroll-area' or its corresponding type declarations.
src/components/ui/select.tsx(4,34): error TS2307: Cannot find module '@radix-ui/react-select' or its corresponding type declarations.
src/components/ui/separator.tsx(4,37): error TS2307: Cannot find module '@radix-ui/react-separator' or its corresponding type declarations.
src/components/ui/sheet.tsx(4,33): error TS2307: Cannot find module '@radix-ui/react-dialog' or its corresponding type declarations.
src/components/ui/sidebar.tsx(4,22): error TS2307: Cannot find module '@radix-ui/react-slot' or its corresponding type declarations.
src/components/ui/sidebar.tsx(5,35): error TS2307: Cannot find module 'class-variance-authority' or its corresponding type declarations.
src/components/ui/skeleton.tsx(3,44): error TS2503: Cannot find namespace 'React'.
src/components/ui/slider.tsx(4,34): error TS2307: Cannot find module '@radix-ui/react-slider' or its corresponding type declarations.
src/components/ui/sonner.tsx(3,26): error TS2307: Cannot find module 'next-themes' or its corresponding type declarations.
src/components/ui/sonner.tsx(4,49): error TS2307: Cannot find module 'sonner' or its corresponding type declarations.
src/components/ui/sonner.tsx(18,14): error TS2503: Cannot find namespace 'React'.
src/components/ui/switch.tsx(4,34): error TS2307: Cannot find module '@radix-ui/react-switch' or its corresponding type declarations.
src/components/ui/tabs.tsx(4,32): error TS2307: Cannot find module '@radix-ui/react-tabs' or its corresponding type declarations.
src/components/ui/toast.tsx(4,34): error TS2307: Cannot find module '@radix-ui/react-toast' or its corresponding type declarations.
src/components/ui/toast.tsx(5,40): error TS2307: Cannot find module 'class-variance-authority' or its corresponding type declarations.
src/components/ui/toggle-group.tsx(4,39): error TS2307: Cannot find module '@radix-ui/react-toggle-group' or its corresponding type declarations.
src/components/ui/toggle-group.tsx(5,35): error TS2307: Cannot find module 'class-variance-authority' or its corresponding type declarations.
src/components/ui/toggle.tsx(4,34): error TS2307: Cannot find module '@radix-ui/react-toggle' or its corresponding type declarations.
src/components/ui/toggle.tsx(5,40): error TS2307: Cannot find module 'class-variance-authority' or its corresponding type declarations.
src/components/ui/tooltip.tsx(4,35): error TS2307: Cannot find module '@radix-ui/react-tooltip' or its corresponding type declarations.
src/lib/db.ts(1,30): error TS2307: Cannot find module '@prisma/client' or its corresponding type declarations.
src/lib/db.ts(10,10): error TS2580: Cannot find name 'process'. Do you need to install type definitions for node? Try `npm i --save-dev @types/node`.
src/lib/db.ts(13,5): error TS2580: Cannot find name 'process'. Do you need to install type definitions for node? Try `npm i --save-dev @types/node`.
src/lib/utils.ts(1,39): error TS2307: Cannot find module 'clsx' or its corresponding type declarations.
src/lib/utils.ts(2,25): error TS2307: Cannot find module 'tailwind-merge' or its corresponding type declarations.
tailwind.config.ts(1,29): error TS2307: Cannot find module 'tailwindcss' or its corresponding type declarations.
tailwind.config.ts(2,32): error TS2307: Cannot find module 'tailwindcss-animate' or its corresponding type declarations.
